ffprobe: /exec-daemon/tmux-root/lib/libncursesw.so.6: no version information available (required by /lib/x86_64-linux-gnu/libcaca.so.0)
ffprobe: /exec-daemon/tmux-root/lib/libncursesw.so.6: no version information available (required by /lib/x86_64-linux-gnu/libcaca.so.0)
ffprobe: /exec-daemon/tmux-root/lib/libncursesw.so.6: no version information available (required by /lib/x86_64-linux-gnu/libcaca.so.0)
ffprobe: /exec-daemon/tmux-root/lib/libncursesw.so.6: no version information available (required by /lib/x86_64-linux-gnu/libcaca.so.0)
ffprobe: /exec-daemon/tmux-root/lib/libncursesw.so.6: no version information available (required by /lib/x86_64-linux-gnu/libcaca.so.0)
ffprobe: /exec-daemon/tmux-root/lib/libncursesw.so.6: no version information available (required by /lib/x86_64-linux-gnu/libcaca.so.0)
ffprobe: /exec-daemon/tmux-root/lib/libncursesw.so.6: no version information available (required by /lib/x86_64-linux-gnu/libcaca.so.0)
ffprobe: /exec-daemon/tmux-root/lib/libncursesw.so.6: no version information available (required by /lib/x86_64-linux-gnu/libcaca.so.0)
ffprobe: /exec-daemon/tmux-root/lib/libncursesw.so.6: no version information available (required by /lib/x86_64-linux-gnu/libcaca.so.0)
ffprobe: /exec-daemon/tmux-root/lib/libncursesw.so.6: no version information available (required by /lib/x86_64-linux-gnu/libcaca.so.0)
ffprobe: /exec-daemon/tmux-root/lib/libncursesw.so.6: no version information available (required by /lib/x86_64-linux-gnu/libcaca.so.0)
ffprobe: /exec-daemon/tmux-root/lib/libncursesw.so.6: no version information available (required by /lib/x86_64-linux-gnu/libcaca.so.0)
ffprobe: /exec-daemon/tmux-root/lib/libncursesw.so.6: no version information available (required by /lib/x86_64-linux-gnu/libcaca.so.0)
ffprobe: /exec-daemon/tmux-root/lib/libncursesw.so.6: no version information available (required by /lib/x86_64-linux-gnu/libcaca.so.0)
ffprobe: /exec-daemon/tmux-root/lib/libncursesw.so.6: no version information available (required by /lib/x86_64-linux-gnu/libcaca.so.0)
ffprobe: /exec-daemon/tmux-root/lib/libncursesw.so.6: no version information available (required by /lib/x86_64-linux-gnu/libcaca.so.0)
ffprobe: /exec-daemon/tmux-root/lib/libncursesw.so.6: no version information available (required by /lib/x86_64-linux-gnu/libcaca.so.0)
ffprobe: /exec-daemon/tmux-root/lib/libncursesw.so.6: no version information available (required by /lib/x86_64-linux-gnu/libcaca.so.0)
ffprobe: /exec-daemon/tmux-root/lib/libncursesw.so.6: no version information available (required by /lib/x86_64-linux-gnu/libcaca.so.0)
ffprobe: /exec-daemon/tmux-root/lib/libncursesw.so.6: no version information available (required by /lib/x86_64-linux-gnu/libcaca.so.0)
ffprobe: /exec-daemon/tmux-root/lib/libncursesw.so.6: no version information available (required by /lib/x86_64-linux-gnu/libcaca.so.0)
ffprobe: /exec-daemon/tmux-root/lib/libncursesw.so.6: no version information available (required by /lib/x86_64-linux-gnu/libcaca.so.0)
ffprobe: /exec-daemon/tmux-root/lib/libncursesw.so.6: no version information available (required by /lib/x86_64-linux-gnu/libcaca.so.0)
ffprobe: /exec-daemon/tmux-root/lib/libncursesw.so.6: no version information available (required by /lib/x86_64-linux-gnu/libcaca.so.0)
ffprobe: /exec-daemon/tmux-root/lib/libncursesw.so.6: no version information available (required by /lib/x86_64-linux-gnu/libcaca.so.0)
ffprobe: /exec-daemon/tmux-root/lib/libncursesw.so.6: no version information available (required by /lib/x86_64-linux-gnu/libcaca.so.0)
ffprobe: /exec-daemon/tmux-root/lib/libncursesw.so.6: no version information available (required by /lib/x86_64-linux-gnu/libcaca.so.0)
ffprobe: /exec-daemon/tmux-root/lib/libncursesw.so.6: no version information available (required by /lib/x86_64-linux-gnu/libcaca.so.0)
ffprobe: /exec-daemon/tmux-root/lib/libncursesw.so.6: no version information available (required by /lib/x86_64-linux-gnu/libcaca.so.0)
ffprobe: /exec-daemon/tmux-root/lib/libncursesw.so.6: no version information available (required by /lib/x86_64-linux-gnu/libcaca.so.0)
ffprobe: /exec-daemon/tmux-root/lib/libncursesw.so.6: no version information available (required by /lib/x86_64-linux-gnu/libcaca.so.0)
ffprobe: /exec-daemon/tmux-root/lib/libncursesw.so.6: no version information available (required by /lib/x86_64-linux-gnu/libcaca.so.0)
ffprobe: /exec-daemon/tmux-root/lib/libncursesw.so.6: no version information available (required by /lib/x86_64-linux-gnu/libcaca.so.0)
ffprobe: /exec-daemon/tmux-root/lib/libncursesw.so.6: no version information available (required by /lib/x86_64-linux-gnu/libcaca.so.0)
ffprobe: /exec-daemon/tmux-root/lib/libncursesw.so.6: no version information available (required by /lib/x86_64-linux-gnu/libcaca.so.0)
ffprobe: /exec-daemon/tmux-root/lib/libncursesw.so.6: no version information available (required by /lib/x86_64-linux-gnu/libcaca.so.0)
ffprobe: /exec-daemon/tmux-root/lib/libncursesw.so.6: no version information available (required by /lib/x86_64-linux-gnu/libcaca.so.0)
ffprobe: /exec-daemon/tmux-root/lib/libncursesw.so.6: no version information available (required by /lib/x86_64-linux-gnu/libcaca.so.0)
ffprobe: /exec-daemon/tmux-root/lib/libncursesw.so.6: no version information available (required by /lib/x86_64-linux-gnu/libcaca.so.0)
ffprobe: /exec-daemon/tmux-root/lib/libncursesw.so.6: no version information available (required by /lib/x86_64-linux-gnu/libcaca.so.0)
ffprobe: /exec-daemon/tmux-root/lib/libncursesw.so.6: no version information available (required by /lib/x86_64-linux-gnu/libcaca.so.0)
ffprobe: /exec-daemon/tmux-root/lib/libncursesw.so.6: no version information available (required by /lib/x86_64-linux-gnu/libcaca.so.0)
ffprobe: /exec-daemon/tmux-root/lib/libncursesw.so.6: no version information available (required by /lib/x86_64-linux-gnu/libcaca.so.0)
ffprobe: /exec-daemon/tmux-root/lib/libncursesw.so.6: no version information available (required by /lib/x86_64-linux-gnu/libcaca.so.0)
ffprobe: /exec-daemon/tmux-root/lib/libncursesw.so.6: no version information available (required by /lib/x86_64-linux-gnu/libcaca.so.0)
ffprobe: /exec-daemon/tmux-root/lib/libncursesw.so.6: no version information available (required by /lib/x86_64-linux-gnu/libcaca.so.0)
ffprobe: /exec-daemon/tmux-root/lib/libncursesw.so.6: no version information available (required by /lib/x86_64-linux-gnu/libcaca.so.0)
ffprobe: /exec-daemon/tmux-root/lib/libncursesw.so.6: no version information available (required by /lib/x86_64-linux-gnu/libcaca.so.0)
ffprobe: /exec-daemon/tmux-root/lib/libncursesw.so.6: no version information available (required by /lib/x86_64-linux-gnu/libcaca.so.0)
ffprobe: /exec-daemon/tmux-root/lib/libncursesw.so.6: no version information available (required by /lib/x86_64-linux-gnu/libcaca.so.0)
ffprobe: /exec-daemon/tmux-root/lib/libncursesw.so.6: no version information available (required by /lib/x86_64-linux-gnu/libcaca.so.0)
ffprobe: /exec-daemon/tmux-root/lib/libncursesw.so.6: no version information available (required by /lib/x86_64-linux-gnu/libcaca.so.0)
ffprobe: /exec-daemon/tmux-root/lib/libncursesw.so.6: no version information available (required by /lib/x86_64-linux-gnu/libcaca.so.0)
ffprobe: /exec-daemon/tmux-root/lib/libncursesw.so.6: no version information available (required by /lib/x86_64-linux-gnu/libcaca.so.0)
ffprobe: /exec-daemon/tmux-root/lib/libncursesw.so.6: no version information available (required by /lib/x86_64-linux-gnu/libcaca.so.0)
ffprobe: /exec-daemon/tmux-root/lib/libncursesw.so.6: no version information available (required by /lib/x86_64-linux-gnu/libcaca.so.0)
ffprobe: /exec-daemon/tmux-root/lib/libncursesw.so.6: no version information available (required by /lib/x86_64-linux-gnu/libcaca.so.0)
ffprobe: /exec-daemon/tmux-root/lib/libncursesw.so.6: no version information available (required by /lib/x86_64-linux-gnu/libcaca.so.0)
ffprobe: /exec-daemon/tmux-root/lib/libncursesw.so.6: no version information available (required by /lib/x86_64-linux-gnu/libcaca.so.0)
ffprobe: /exec-daemon/tmux-root/lib/libncursesw.so.6: no version information available (required by /lib/x86_64-linux-gnu/libcaca.so.0)
ffprobe: /exec-daemon/tmux-root/lib/libncursesw.so.6: no version information available (required by /lib/x86_64-linux-gnu/libcaca.so.0)
ffprobe: /exec-daemon/tmux-root/lib/libncursesw.so.6: no version information available (required by /lib/x86_64-linux-gnu/libcaca.so.0)
ffprobe: /exec-daemon/tmux-root/lib/libncursesw.so.6: no version information available (required by /lib/x86_64-linux-gnu/libcaca.so.0)
ffprobe: /exec-daemon/tmux-root/lib/libncursesw.so.6: no version information available (required by /lib/x86_64-linux-gnu/libcaca.so.0)
ffprobe: /exec-daemon/tmux-root/lib/libncursesw.so.6: no version information available (required by /lib/x86_64-linux-gnu/libcaca.so.0)
ffprobe: /exec-daemon/tmux-root/lib/libncursesw.so.6: no version information available (required by /lib/x86_64-linux-gnu/libcaca.so.0)
ffprobe: /exec-daemon/tmux-root/lib/libncursesw.so.6: no version information available (required by /lib/x86_64-linux-gnu/libcaca.so.0)
ffprobe: /exec-daemon/tmux-root/lib/libncursesw.so.6: no version information available (required by /lib/x86_64-linux-gnu/libcaca.so.0)
ffprobe: /exec-daemon/tmux-root/lib/libncursesw.so.6: no version information available (required by /lib/x86_64-linux-gnu/libcaca.so.0)
ffprobe: /exec-daemon/tmux-root/lib/libncursesw.so.6: no version information available (required by /lib/x86_64-linux-gnu/libcaca.so.0)
ffprobe: /exec-daemon/tmux-root/lib/libncursesw.so.6: no version information available (required by /lib/x86_64-linux-gnu/libcaca.so.0)
ffprobe: /exec-daemon/tmux-root/lib/libncursesw.so.6: no version information available (required by /lib/x86_64-linux-gnu/libcaca.so.0)
ffprobe: /exec-daemon/tmux-root/lib/libncursesw.so.6: no version information available (required by /lib/x86_64-linux-gnu/libcaca.so.0)
ffprobe: /exec-daemon/tmux-root/lib/libncursesw.so.6: no version information available (required by /lib/x86_64-linux-gnu/libcaca.so.0)
ffprobe: /exec-daemon/tmux-root/lib/libncursesw.so.6: no version information available (required by /lib/x86_64-linux-gnu/libcaca.so.0)
ffprobe: /exec-daemon/tmux-root/lib/libncursesw.so.6: no version information available (required by /lib/x86_64-linux-gnu/libcaca.so.0)
ffprobe: /exec-daemon/tmux-root/lib/libncursesw.so.6: no version information available (required by /lib/x86_64-linux-gnu/libcaca.so.0)
ffprobe: /exec-daemon/tmux-root/lib/libncursesw.so.6: no version information available (required by /lib/x86_64-linux-gnu/libcaca.so.0)
ffprobe: /exec-daemon/tmux-root/lib/libncursesw.so.6: no version information available (required by /lib/x86_64-linux-gnu/libcaca.so.0)
ffprobe: /exec-daemon/tmux-root/lib/libncursesw.so.6: no version information available (required by /lib/x86_64-linux-gnu/libcaca.so.0)
ffprobe: /exec-daemon/tmux-root/lib/libncursesw.so.6: no version information available (required by /lib/x86_64-linux-gnu/libcaca.so.0)
ffprobe: /exec-daemon/tmux-root/lib/libncursesw.so.6: no version information available (required by /lib/x86_64-linux-gnu/libcaca.so.0)
ffprobe: /exec-daemon/tmux-root/lib/libncursesw.so.6: no version information available (required by /lib/x86_64-linux-gnu/libcaca.so.0)
ffprobe: /exec-daemon/tmux-root/lib/libncursesw.so.6: no version information available (required by /lib/x86_64-linux-gnu/libcaca.so.0)
ffprobe: /exec-daemon/tmux-root/lib/libncursesw.so.6: no version information available (required by /lib/x86_64-linux-gnu/libcaca.so.0)
ffprobe: /exec-daemon/tmux-root/lib/libncursesw.so.6: no version information available (required by /lib/x86_64-linux-gnu/libcaca.so.0)
ffprobe: /exec-daemon/tmux-root/lib/libncursesw.so.6: no version information available (required by /lib/x86_64-linux-gnu/libcaca.so.0)
ffprobe: /exec-daemon/tmux-root/lib/libncursesw.so.6: no version information available (required by /lib/x86_64-linux-gnu/libcaca.so.0)
ffprobe: /exec-daemon/tmux-root/lib/libncursesw.so.6: no version information available (required by /lib/x86_64-linux-gnu/libcaca.so.0)
ffprobe: /exec-daemon/tmux-root/lib/libncursesw.so.6: no version information available (required by /lib/x86_64-linux-gnu/libcaca.so.0)
ffprobe: /exec-daemon/tmux-root/lib/libncursesw.so.6: no version information available (required by /lib/x86_64-linux-gnu/libcaca.so.0)
ffprobe: /exec-daemon/tmux-root/lib/libncursesw.so.6: no version information available (required by /lib/x86_64-linux-gnu/libcaca.so.0)
ffprobe: /exec-daemon/tmux-root/lib/libncursesw.so.6: no version information available (required by /lib/x86_64-linux-gnu/libcaca.so.0)
ffprobe: /exec-daemon/tmux-root/lib/libncursesw.so.6: no version information available (required by /lib/x86_64-linux-gnu/libcaca.so.0)
ffprobe: /exec-daemon/tmux-root/lib/libncursesw.so.6: no version information available (required by /lib/x86_64-linux-gnu/libcaca.so.0)
ffprobe: /exec-daemon/tmux-root/lib/libncursesw.so.6: no version information available (required by /lib/x86_64-linux-gnu/libcaca.so.0)
ffprobe: /exec-daemon/tmux-root/lib/libncursesw.so.6: no version information available (required by /lib/x86_64-linux-gnu/libcaca.so.0)
ffprobe: /exec-daemon/tmux-root/lib/libncursesw.so.6: no version information available (required by /lib/x86_64-linux-gnu/libcaca.so.0)
ffprobe: /exec-daemon/tmux-root/lib/libncursesw.so.6: no version information available (required by /lib/x86_64-linux-gnu/libcaca.so.0)
ffprobe: /exec-daemon/tmux-root/lib/libncursesw.so.6: no version information available (required by /lib/x86_64-linux-gnu/libcaca.so.0)
ffprobe: /exec-daemon/tmux-root/lib/libncursesw.so.6: no version information available (required by /lib/x86_64-linux-gnu/libcaca.so.0)
ffprobe: /exec-daemon/tmux-root/lib/libncursesw.so.6: no version information available (required by /lib/x86_64-linux-gnu/libcaca.so.0)
ffprobe: /exec-daemon/tmux-root/lib/libncursesw.so.6: no version information available (required by /lib/x86_64-linux-gnu/libcaca.so.0)
ffprobe: /exec-daemon/tmux-root/lib/libncursesw.so.6: no version information available (required by /lib/x86_64-linux-gnu/libcaca.so.0)
ffprobe: /exec-daemon/tmux-root/lib/libncursesw.so.6: no version information available (required by /lib/x86_64-linux-gnu/libcaca.so.0)
ffprobe: /exec-daemon/tmux-root/lib/libncursesw.so.6: no version information available (required by /lib/x86_64-linux-gnu/libcaca.so.0)
ffprobe: /exec-daemon/tmux-root/lib/libncursesw.so.6: no version information available (required by /lib/x86_64-linux-gnu/libcaca.so.0)
ffprobe: /exec-daemon/tmux-root/lib/libncursesw.so.6: no version information available (required by /lib/x86_64-linux-gnu/libcaca.so.0)
ffprobe: /exec-daemon/tmux-root/lib/libncursesw.so.6: no version information available (required by /lib/x86_64-linux-gnu/libcaca.so.0)
ffprobe: /exec-daemon/tmux-root/lib/libncursesw.so.6: no version information available (required by /lib/x86_64-linux-gnu/libcaca.so.0)
ffprobe: /exec-daemon/tmux-root/lib/libncursesw.so.6: no version information available (required by /lib/x86_64-linux-gnu/libcaca.so.0)
ffprobe: /exec-daemon/tmux-root/lib/libncursesw.so.6: no version information available (required by /lib/x86_64-linux-gnu/libcaca.so.0)
ffprobe: /exec-daemon/tmux-root/lib/libncursesw.so.6: no version information available (required by /lib/x86_64-linux-gnu/libcaca.so.0)
ffprobe: /exec-daemon/tmux-root/lib/libncursesw.so.6: no version information available (required by /lib/x86_64-linux-gnu/libcaca.so.0)
ffprobe: /exec-daemon/tmux-root/lib/libncursesw.so.6: no version information available (required by /lib/x86_64-linux-gnu/libcaca.so.0)
ffprobe: /exec-daemon/tmux-root/lib/libncursesw.so.6: no version information available (required by /lib/x86_64-linux-gnu/libcaca.so.0)
ffprobe: /exec-daemon/tmux-root/lib/libncursesw.so.6: no version information available (required by /lib/x86_64-linux-gnu/libcaca.so.0)
ffprobe: /exec-daemon/tmux-root/lib/libncursesw.so.6: no version information available (required by /lib/x86_64-linux-gnu/libcaca.so.0)
ffprobe: /exec-daemon/tmux-root/lib/libncursesw.so.6: no version information available (required by /lib/x86_64-linux-gnu/libcaca.so.0)
ffprobe: /exec-daemon/tmux-root/lib/libncursesw.so.6: no version information available (required by /lib/x86_64-linux-gnu/libcaca.so.0)
ffprobe: /exec-daemon/tmux-root/lib/libncursesw.so.6: no version information available (required by /lib/x86_64-linux-gnu/libcaca.so.0)
ffprobe: /exec-daemon/tmux-root/lib/libncursesw.so.6: no version information available (required by /lib/x86_64-linux-gnu/libcaca.so.0)
ffprobe: /exec-daemon/tmux-root/lib/libncursesw.so.6: no version information available (required by /lib/x86_64-linux-gnu/libcaca.so.0)
ffprobe: /exec-daemon/tmux-root/lib/libncursesw.so.6: no version information available (required by /lib/x86_64-linux-gnu/libcaca.so.0)
ffprobe: /exec-daemon/tmux-root/lib/libncursesw.so.6: no version information available (required by /lib/x86_64-linux-gnu/libcaca.so.0)
ffprobe: /exec-daemon/tmux-root/lib/libncursesw.so.6: no version information available (required by /lib/x86_64-linux-gnu/libcaca.so.0)
ffprobe: /exec-daemon/tmux-root/lib/libncursesw.so.6: no version information available (required by /lib/x86_64-linux-gnu/libcaca.so.0)
ffprobe: /exec-daemon/tmux-root/lib/libncursesw.so.6: no version information available (required by /lib/x86_64-linux-gnu/libcaca.so.0)
ffprobe: /exec-daemon/tmux-root/lib/libncursesw.so.6: no version information available (required by /lib/x86_64-linux-gnu/libcaca.so.0)
ffprobe: /exec-daemon/tmux-root/lib/libncursesw.so.6: no version information available (required by /lib/x86_64-linux-gnu/libcaca.so.0)
ffprobe: /exec-daemon/tmux-root/lib/libncursesw.so.6: no version information available (required by /lib/x86_64-linux-gnu/libcaca.so.0)
ffprobe: /exec-daemon/tmux-root/lib/libncursesw.so.6: no version information available (required by /lib/x86_64-linux-gnu/libcaca.so.0)
ffprobe: /exec-daemon/tmux-root/lib/libncursesw.so.6: no version information available (required by /lib/x86_64-linux-gnu/libcaca.so.0)
ffprobe: /exec-daemon/tmux-root/lib/libncursesw.so.6: no version information available (required by /lib/x86_64-linux-gnu/libcaca.so.0)
ffprobe: /exec-daemon/tmux-root/lib/libncursesw.so.6: no version information available (required by /lib/x86_64-linux-gnu/libcaca.so.0)
ffprobe: /exec-daemon/tmux-root/lib/libncursesw.so.6: no version information available (required by /lib/x86_64-linux-gnu/libcaca.so.0)
21:55:26 files=68 loading model=small
21:55:26 files=68 loading model=small
ffprobe: /exec-daemon/tmux-root/lib/libncursesw.so.6: no version information available (required by /lib/x86_64-linux-gnu/libcaca.so.0)
ffprobe: /exec-daemon/tmux-root/lib/libncursesw.so.6: no version information available (required by /lib/x86_64-linux-gnu/libcaca.so.0)
21:55:27 [1/68] START 23_Упражнение_Кегеля_TR_2015_Сентябрь.MP3 (2.2 min)
21:55:27 [1/68] START 23_Упражнение_Кегеля_TR_2015_Сентябрь.MP3 (2.2 min)
21:55:37 [1/68] DONE 23_Упражнение_Кегеля_TR_2015_Сентябрь.MP3 chars=1322 wall=0.2m out=23_Упражнение_Кегеля_TR_2015_Сентябрь.md
21:55:37 [1/68] DONE 23_Упражнение_Кегеля_TR_2015_Сентябрь.MP3 chars=1322 wall=0.2m out=23_Упражнение_Кегеля_TR_2015_Сентябрь.md
ffprobe: /exec-daemon/tmux-root/lib/libncursesw.so.6: no version information available (required by /lib/x86_64-linux-gnu/libcaca.so.0)
ffprobe: /exec-daemon/tmux-root/lib/libncursesw.so.6: no version information available (required by /lib/x86_64-linux-gnu/libcaca.so.0)
21:55:37 [2/68] START 19_Раннее_пробуждение_2_TR_2015_Сентябрь.MP3 (3.7 min)
21:55:37 [2/68] START 19_Раннее_пробуждение_2_TR_2015_Сентябрь.MP3 (3.7 min)
21:56:08 [2/68] DONE 19_Раннее_пробуждение_2_TR_2015_Сентябрь.MP3 chars=2058 wall=0.5m out=19_Раннее_пробуждение_2_TR_2015_Сентябрь.md
21:56:08 [2/68] DONE 19_Раннее_пробуждение_2_TR_2015_Сентябрь.MP3 chars=2058 wall=0.5m out=19_Раннее_пробуждение_2_TR_2015_Сентябрь.md
ffprobe: /exec-daemon/tmux-root/lib/libncursesw.so.6: no version information available (required by /lib/x86_64-linux-gnu/libcaca.so.0)
ffprobe: /exec-daemon/tmux-root/lib/libncursesw.so.6: no version information available (required by /lib/x86_64-linux-gnu/libcaca.so.0)
21:56:08 [3/68] START 22. Сердце чемпиона (TR 2015 Сентябрь).MP3 (4.0 min)
21:56:08 [3/68] START 22. Сердце чемпиона (TR 2015 Сентябрь).MP3 (4.0 min)
21:56:25 [3/68] DONE 22. Сердце чемпиона (TR 2015 Сентябрь).MP3 chars=2157 wall=0.3m out=22_Сердце_чемпиона_TR_2015_Сентябрь.md
21:56:25 [3/68] DONE 22. Сердце чемпиона (TR 2015 Сентябрь).MP3 chars=2157 wall=0.3m out=22_Сердце_чемпиона_TR_2015_Сентябрь.md
ffprobe: /exec-daemon/tmux-root/lib/libncursesw.so.6: no version information available (required by /lib/x86_64-linux-gnu/libcaca.so.0)
ffprobe: /exec-daemon/tmux-root/lib/libncursesw.so.6: no version information available (required by /lib/x86_64-linux-gnu/libcaca.so.0)
21:56:25 [4/68] START 7_Максимальное_восстановление_TR_2015_Сентябрь.MP3 (4.3 min)
21:56:25 [4/68] START 7_Максимальное_восстановление_TR_2015_Сентябрь.MP3 (4.3 min)
21:56:53 [4/68] DONE 7_Максимальное_восстановление_TR_2015_Сентябрь.MP3 chars=2928 wall=0.5m out=7_Максимальное_восстановление_TR_2015_Сентябрь.md
21:56:53 [4/68] DONE 7_Максимальное_восстановление_TR_2015_Сентябрь.MP3 chars=2928 wall=0.5m out=7_Максимальное_восстановление_TR_2015_Сентябрь.md
ffprobe: /exec-daemon/tmux-root/lib/libncursesw.so.6: no version information available (required by /lib/x86_64-linux-gnu/libcaca.so.0)
ffprobe: /exec-daemon/tmux-root/lib/libncursesw.so.6: no version information available (required by /lib/x86_64-linux-gnu/libcaca.so.0)
21:56:53 [5/68] START 15_Природная_энергия_2_TR_2015_Сентябрь.MP3 (4.6 min)
21:56:53 [5/68] START 15_Природная_энергия_2_TR_2015_Сентябрь.MP3 (4.6 min)
21:57:12 [5/68] DONE 15_Природная_энергия_2_TR_2015_Сентябрь.MP3 chars=2577 wall=0.3m out=15_Природная_энергия_2_TR_2015_Сентябрь.md
21:57:12 [5/68] DONE 15_Природная_энергия_2_TR_2015_Сентябрь.MP3 chars=2577 wall=0.3m out=15_Природная_энергия_2_TR_2015_Сентябрь.md
ffprobe: /exec-daemon/tmux-root/lib/libncursesw.so.6: no version information available (required by /lib/x86_64-linux-gnu/libcaca.so.0)
ffprobe: /exec-daemon/tmux-root/lib/libncursesw.so.6: no version information available (required by /lib/x86_64-linux-gnu/libcaca.so.0)
21:57:12 [6/68] START 14_Природная_энергия_1_TR_2015_Сентябрь.MP3 (4.9 min)
21:57:12 [6/68] START 14_Природная_энергия_1_TR_2015_Сентябрь.MP3 (4.9 min)
21:57:37 [6/68] DONE 14_Природная_энергия_1_TR_2015_Сентябрь.MP3 chars=3140 wall=0.4m out=14_Природная_энергия_1_TR_2015_Сентябрь.md
21:57:37 [6/68] DONE 14_Природная_энергия_1_TR_2015_Сентябрь.MP3 chars=3140 wall=0.4m out=14_Природная_энергия_1_TR_2015_Сентябрь.md
ffprobe: /exec-daemon/tmux-root/lib/libncursesw.so.6: no version information available (required by /lib/x86_64-linux-gnu/libcaca.so.0)
ffprobe: /exec-daemon/tmux-root/lib/libncursesw.so.6: no version information available (required by /lib/x86_64-linux-gnu/libcaca.so.0)
21:57:37 [7/68] START 21_Речь,_жестикуляция_и_мимика_TR_2015_Сентябрь.MP3 (5.6 min)
21:57:37 [7/68] START 21_Речь,_жестикуляция_и_мимика_TR_2015_Сентябрь.MP3 (5.6 min)
21:58:04 [7/68] DONE 21_Речь,_жестикуляция_и_мимика_TR_2015_Сентябрь.MP3 chars=3071 wall=0.4m out=21_Речь_жестикуляция_и_мимика_TR_2015_Сентябрь.md
21:58:04 [7/68] DONE 21_Речь,_жестикуляция_и_мимика_TR_2015_Сентябрь.MP3 chars=3071 wall=0.4m out=21_Речь_жестикуляция_и_мимика_TR_2015_Сентябрь.md
ffprobe: /exec-daemon/tmux-root/lib/libncursesw.so.6: no version information available (required by /lib/x86_64-linux-gnu/libcaca.so.0)
ffprobe: /exec-daemon/tmux-root/lib/libncursesw.so.6: no version information available (required by /lib/x86_64-linux-gnu/libcaca.so.0)
21:58:04 [8/68] START 16_Природная_энергия_3_TR_2015_Сентябрь.MP3 (5.7 min)
21:58:04 [8/68] START 16_Природная_энергия_3_TR_2015_Сентябрь.MP3 (5.7 min)
21:58:29 [8/68] DONE 16_Природная_энергия_3_TR_2015_Сентябрь.MP3 chars=3266 wall=0.4m out=16_Природная_энергия_3_TR_2015_Сентябрь.md
21:58:29 [8/68] DONE 16_Природная_энергия_3_TR_2015_Сентябрь.MP3 chars=3266 wall=0.4m out=16_Природная_энергия_3_TR_2015_Сентябрь.md
ffprobe: /exec-daemon/tmux-root/lib/libncursesw.so.6: no version information available (required by /lib/x86_64-linux-gnu/libcaca.so.0)
ffprobe: /exec-daemon/tmux-root/lib/libncursesw.so.6: no version information available (required by /lib/x86_64-linux-gnu/libcaca.so.0)
21:58:29 [9/68] START 18_Раннее_пробуждение_TR_2015_Сентябрь.MP3 (5.8 min)
21:58:29 [9/68] START 18_Раннее_пробуждение_TR_2015_Сентябрь.MP3 (5.8 min)
21:58:56 [9/68] DONE 18_Раннее_пробуждение_TR_2015_Сентябрь.MP3 chars=3803 wall=0.5m out=18_Раннее_пробуждение_TR_2015_Сентябрь.md
21:58:56 [9/68] DONE 18_Раннее_пробуждение_TR_2015_Сентябрь.MP3 chars=3803 wall=0.5m out=18_Раннее_пробуждение_TR_2015_Сентябрь.md
ffprobe: /exec-daemon/tmux-root/lib/libncursesw.so.6: no version information available (required by /lib/x86_64-linux-gnu/libcaca.so.0)
ffprobe: /exec-daemon/tmux-root/lib/libncursesw.so.6: no version information available (required by /lib/x86_64-linux-gnu/libcaca.so.0)
21:58:56 [10/68] START 9. Мыслеформы (TR 2015 Сентябрь).MP3 (6.7 min)
21:58:56 [10/68] START 9. Мыслеформы (TR 2015 Сентябрь).MP3 (6.7 min)
21:59:31 [10/68] DONE 9. Мыслеформы (TR 2015 Сентябрь).MP3 chars=3923 wall=0.6m out=9_Мыслеформы_TR_2015_Сентябрь.md
21:59:31 [10/68] DONE 9. Мыслеформы (TR 2015 Сентябрь).MP3 chars=3923 wall=0.6m out=9_Мыслеформы_TR_2015_Сентябрь.md
ffprobe: /exec-daemon/tmux-root/lib/libncursesw.so.6: no version information available (required by /lib/x86_64-linux-gnu/libcaca.so.0)
ffprobe: /exec-daemon/tmux-root/lib/libncursesw.so.6: no version information available (required by /lib/x86_64-linux-gnu/libcaca.so.0)
21:59:31 [11/68] START 31. Эфир 8 (TR 2015 Сентябрь).MP3 (6.8 min)
21:59:31 [11/68] START 31. Эфир 8 (TR 2015 Сентябрь).MP3 (6.8 min)
22:00:11 [11/68] DONE 31. Эфир 8 (TR 2015 Сентябрь).MP3 chars=4272 wall=0.7m out=31_Эфир_8_TR_2015_Сентябрь.md
22:00:11 [11/68] DONE 31. Эфир 8 (TR 2015 Сентябрь).MP3 chars=4272 wall=0.7m out=31_Эфир_8_TR_2015_Сентябрь.md
ffprobe: /exec-daemon/tmux-root/lib/libncursesw.so.6: no version information available (required by /lib/x86_64-linux-gnu/libcaca.so.0)
ffprobe: /exec-daemon/tmux-root/lib/libncursesw.so.6: no version information available (required by /lib/x86_64-linux-gnu/libcaca.so.0)
22:00:11 [12/68] START 14. Урок №8. Быть В Теле.MP3 (7.2 min)
22:00:11 [12/68] START 14. Урок №8. Быть В Теле.MP3 (7.2 min)
22:00:49 [12/68] DONE 14. Урок №8. Быть В Теле.MP3 chars=4944 wall=0.6m out=14_Урок_N8_Быть_В_Теле.md
22:00:49 [12/68] DONE 14. Урок №8. Быть В Теле.MP3 chars=4944 wall=0.6m out=14_Урок_N8_Быть_В_Теле.md
ffprobe: /exec-daemon/tmux-root/lib/libncursesw.so.6: no version information available (required by /lib/x86_64-linux-gnu/libcaca.so.0)
ffprobe: /exec-daemon/tmux-root/lib/libncursesw.so.6: no version information available (required by /lib/x86_64-linux-gnu/libcaca.so.0)
22:00:49 [13/68] START 4_Глубинное_молчание_1_TR_2015_Сентябрь.MP3 (7.4 min)
22:00:49 [13/68] START 4_Глубинное_молчание_1_TR_2015_Сентябрь.MP3 (7.4 min)
22:01:27 [13/68] DONE 4_Глубинное_молчание_1_TR_2015_Сентябрь.MP3 chars=5217 wall=0.6m out=4_Глубинное_молчание_1_TR_2015_Сентябрь.md
22:01:27 [13/68] DONE 4_Глубинное_молчание_1_TR_2015_Сентябрь.MP3 chars=5217 wall=0.6m out=4_Глубинное_молчание_1_TR_2015_Сентябрь.md
ffprobe: /exec-daemon/tmux-root/lib/libncursesw.so.6: no version information available (required by /lib/x86_64-linux-gnu/libcaca.so.0)
ffprobe: /exec-daemon/tmux-root/lib/libncursesw.so.6: no version information available (required by /lib/x86_64-linux-gnu/libcaca.so.0)
22:01:27 [14/68] START 19. Урок №13. Сам Против Себя.MP3 (7.5 min)
22:01:27 [14/68] START 19. Урок №13. Сам Против Себя.MP3 (7.5 min)
22:02:22 [14/68] DONE 19. Урок №13. Сам Против Себя.MP3 chars=5615 wall=0.9m out=19_Урок_N13_Сам_Против_Себя.md
22:02:22 [14/68] DONE 19. Урок №13. Сам Против Себя.MP3 chars=5615 wall=0.9m out=19_Урок_N13_Сам_Против_Себя.md
ffprobe: /exec-daemon/tmux-root/lib/libncursesw.so.6: no version information available (required by /lib/x86_64-linux-gnu/libcaca.so.0)
ffprobe: /exec-daemon/tmux-root/lib/libncursesw.so.6: no version information available (required by /lib/x86_64-linux-gnu/libcaca.so.0)
22:02:22 [15/68] START 20. Урок №14. Сердце Чемпиона.MP3 (7.5 min)
22:02:22 [15/68] START 20. Урок №14. Сердце Чемпиона.MP3 (7.5 min)
22:02:56 [15/68] DONE 20. Урок №14. Сердце Чемпиона.MP3 chars=4537 wall=0.6m out=20_Урок_N14_Сердце_Чемпиона.md
22:02:56 [15/68] DONE 20. Урок №14. Сердце Чемпиона.MP3 chars=4537 wall=0.6m out=20_Урок_N14_Сердце_Чемпиона.md
ffprobe: /exec-daemon/tmux-root/lib/libncursesw.so.6: no version information available (required by /lib/x86_64-linux-gnu/libcaca.so.0)
ffprobe: /exec-daemon/tmux-root/lib/libncursesw.so.6: no version information available (required by /lib/x86_64-linux-gnu/libcaca.so.0)
22:02:56 [16/68] START 18. Урок №12. Гнев - Это Дар.MP3 (7.5 min)
22:02:56 [16/68] START 18. Урок №12. Гнев - Это Дар.MP3 (7.5 min)
22:03:40 [16/68] DONE 18. Урок №12. Гнев - Это Дар.MP3 chars=5119 wall=0.7m out=18_Урок_N12_Гнев_-_Это_Дар.md
22:03:40 [16/68] DONE 18. Урок №12. Гнев - Это Дар.MP3 chars=5119 wall=0.7m out=18_Урок_N12_Гнев_-_Это_Дар.md
ffprobe: /exec-daemon/tmux-root/lib/libncursesw.so.6: no version information available (required by /lib/x86_64-linux-gnu/libcaca.so.0)
ffprobe: /exec-daemon/tmux-root/lib/libncursesw.so.6: no version information available (required by /lib/x86_64-linux-gnu/libcaca.so.0)
22:03:40 [17/68] START 3. Воля (TR 2015 Сентябрь).MP3 (7.7 min)
22:03:40 [17/68] START 3. Воля (TR 2015 Сентябрь).MP3 (7.7 min)
22:04:16 [17/68] DONE 3. Воля (TR 2015 Сентябрь).MP3 chars=4260 wall=0.6m out=3_Воля_TR_2015_Сентябрь.md
22:04:16 [17/68] DONE 3. Воля (TR 2015 Сентябрь).MP3 chars=4260 wall=0.6m out=3_Воля_TR_2015_Сентябрь.md
ffprobe: /exec-daemon/tmux-root/lib/libncursesw.so.6: no version information available (required by /lib/x86_64-linux-gnu/libcaca.so.0)
ffprobe: /exec-daemon/tmux-root/lib/libncursesw.so.6: no version information available (required by /lib/x86_64-linux-gnu/libcaca.so.0)
22:04:16 [18/68] START 5_Глубинное_молчание_2_TR_2015_Сентябрь.MP3 (8.1 min)
22:04:16 [18/68] START 5_Глубинное_молчание_2_TR_2015_Сентябрь.MP3 (8.1 min)
22:05:09 [18/68] DONE 5_Глубинное_молчание_2_TR_2015_Сентябрь.MP3 chars=4570 wall=0.9m out=5_Глубинное_молчание_2_TR_2015_Сентябрь.md
22:05:09 [18/68] DONE 5_Глубинное_молчание_2_TR_2015_Сентябрь.MP3 chars=4570 wall=0.9m out=5_Глубинное_молчание_2_TR_2015_Сентябрь.md
ffprobe: /exec-daemon/tmux-root/lib/libncursesw.so.6: no version information available (required by /lib/x86_64-linux-gnu/libcaca.so.0)
ffprobe: /exec-daemon/tmux-root/lib/libncursesw.so.6: no version information available (required by /lib/x86_64-linux-gnu/libcaca.so.0)
22:05:09 [19/68] START 11_Общение_с_холодом_TR_2015_Сентябрь.MP3 (8.2 min)
22:05:09 [19/68] START 11_Общение_с_холодом_TR_2015_Сентябрь.MP3 (8.2 min)
22:05:51 [19/68] DONE 11_Общение_с_холодом_TR_2015_Сентябрь.MP3 chars=5599 wall=0.7m out=11_Общение_с_холодом_TR_2015_Сентябрь.md
22:05:51 [19/68] DONE 11_Общение_с_холодом_TR_2015_Сентябрь.MP3 chars=5599 wall=0.7m out=11_Общение_с_холодом_TR_2015_Сентябрь.md
ffprobe: /exec-daemon/tmux-root/lib/libncursesw.so.6: no version information available (required by /lib/x86_64-linux-gnu/libcaca.so.0)
ffprobe: /exec-daemon/tmux-root/lib/libncursesw.so.6: no version information available (required by /lib/x86_64-linux-gnu/libcaca.so.0)
22:05:51 [20/68] START 8. Мужская еда (TR 2015 Сентябрь).MP3 (8.3 min)
22:05:51 [20/68] START 8. Мужская еда (TR 2015 Сентябрь).MP3 (8.3 min)
22:06:31 [20/68] DONE 8. Мужская еда (TR 2015 Сентябрь).MP3 chars=4433 wall=0.7m out=8_Мужская_еда_TR_2015_Сентябрь.md
22:06:31 [20/68] DONE 8. Мужская еда (TR 2015 Сентябрь).MP3 chars=4433 wall=0.7m out=8_Мужская_еда_TR_2015_Сентябрь.md
ffprobe: /exec-daemon/tmux-root/lib/libncursesw.so.6: no version information available (required by /lib/x86_64-linux-gnu/libcaca.so.0)
ffprobe: /exec-daemon/tmux-root/lib/libncursesw.so.6: no version information available (required by /lib/x86_64-linux-gnu/libcaca.so.0)
22:06:31 [21/68] START 2. 5 ветвей власти (TR 2015 Сентябрь).MP3 (8.3 min)
22:06:31 [21/68] START 2. 5 ветвей власти (TR 2015 Сентябрь).MP3 (8.3 min)
22:07:12 [21/68] DONE 2. 5 ветвей власти (TR 2015 Сентябрь).MP3 chars=5607 wall=0.7m out=2_5_ветвеи_власти_TR_2015_Сентябрь.md
22:07:12 [21/68] DONE 2. 5 ветвей власти (TR 2015 Сентябрь).MP3 chars=5607 wall=0.7m out=2_5_ветвеи_власти_TR_2015_Сентябрь.md
ffprobe: /exec-daemon/tmux-root/lib/libncursesw.so.6: no version information available (required by /lib/x86_64-linux-gnu/libcaca.so.0)
ffprobe: /exec-daemon/tmux-root/lib/libncursesw.so.6: no version information available (required by /lib/x86_64-linux-gnu/libcaca.so.0)
22:07:12 [22/68] START 2. Проклятое оружие.MP3 (8.4 min)
22:07:12 [22/68] START 2. Проклятое оружие.MP3 (8.4 min)
22:08:11 [22/68] DONE 2. Проклятое оружие.MP3 chars=5492 wall=1.0m out=2_Проклятое_оружие.md
22:08:11 [22/68] DONE 2. Проклятое оружие.MP3 chars=5492 wall=1.0m out=2_Проклятое_оружие.md
ffprobe: /exec-daemon/tmux-root/lib/libncursesw.so.6: no version information available (required by /lib/x86_64-linux-gnu/libcaca.so.0)
ffprobe: /exec-daemon/tmux-root/lib/libncursesw.so.6: no version information available (required by /lib/x86_64-linux-gnu/libcaca.so.0)
22:08:11 [23/68] START 20_Раннее_пробуждение_3_TR_2015_Сентябрь.MP3 (8.4 min)
22:08:11 [23/68] START 20_Раннее_пробуждение_3_TR_2015_Сентябрь.MP3 (8.4 min)
22:09:06 [23/68] DONE 20_Раннее_пробуждение_3_TR_2015_Сентябрь.MP3 chars=6532 wall=0.9m out=20_Раннее_пробуждение_3_TR_2015_Сентябрь.md
22:09:06 [23/68] DONE 20_Раннее_пробуждение_3_TR_2015_Сентябрь.MP3 chars=6532 wall=0.9m out=20_Раннее_пробуждение_3_TR_2015_Сентябрь.md
ffprobe: /exec-daemon/tmux-root/lib/libncursesw.so.6: no version information available (required by /lib/x86_64-linux-gnu/libcaca.so.0)
ffprobe: /exec-daemon/tmux-root/lib/libncursesw.so.6: no version information available (required by /lib/x86_64-linux-gnu/libcaca.so.0)
22:09:06 [24/68] START 25. Урок №17. Подсвечивание.MP3 (8.8 min)
22:09:06 [24/68] START 25. Урок №17. Подсвечивание.MP3 (8.8 min)
22:10:12 [24/68] DONE 25. Урок №17. Подсвечивание.MP3 chars=5971 wall=1.1m out=25_Урок_N17_Подсвечивание.md
22:10:12 [24/68] DONE 25. Урок №17. Подсвечивание.MP3 chars=5971 wall=1.1m out=25_Урок_N17_Подсвечивание.md
ffprobe: /exec-daemon/tmux-root/lib/libncursesw.so.6: no version information available (required by /lib/x86_64-linux-gnu/libcaca.so.0)
ffprobe: /exec-daemon/tmux-root/lib/libncursesw.so.6: no version information available (required by /lib/x86_64-linux-gnu/libcaca.so.0)
22:10:12 [25/68] START 6. Эфир TR 2015 (Июнь).MP3 (8.9 min)
22:10:12 [25/68] START 6. Эфир TR 2015 (Июнь).MP3 (8.9 min)
22:11:16 [25/68] DONE 6. Эфир TR 2015 (Июнь).MP3 chars=6138 wall=1.1m out=6_Эфир_TR_2015_Июнь.md
22:11:16 [25/68] DONE 6. Эфир TR 2015 (Июнь).MP3 chars=6138 wall=1.1m out=6_Эфир_TR_2015_Июнь.md
ffprobe: /exec-daemon/tmux-root/lib/libncursesw.so.6: no version information available (required by /lib/x86_64-linux-gnu/libcaca.so.0)
ffprobe: /exec-daemon/tmux-root/lib/libncursesw.so.6: no version information available (required by /lib/x86_64-linux-gnu/libcaca.so.0)
22:11:16 [26/68] START 11_Урок№_6_Уровень_Удовольствия,_Доступный_Тебе.MP3 (9.2 min)
22:11:16 [26/68] START 11_Урок№_6_Уровень_Удовольствия,_Доступный_Тебе.MP3 (9.2 min)
22:12:34 [26/68] DONE 11_Урок№_6_Уровень_Удовольствия,_Доступный_Тебе.MP3 chars=5399 wall=1.3m out=11_УрокN_6_Уровень_Удовольствия_Доступныи_Тебе.md
22:12:34 [26/68] DONE 11_Урок№_6_Уровень_Удовольствия,_Доступный_Тебе.MP3 chars=5399 wall=1.3m out=11_УрокN_6_Уровень_Удовольствия_Доступныи_Тебе.md
ffprobe: /exec-daemon/tmux-root/lib/libncursesw.so.6: no version information available (required by /lib/x86_64-linux-gnu/libcaca.so.0)
ffprobe: /exec-daemon/tmux-root/lib/libncursesw.so.6: no version information available (required by /lib/x86_64-linux-gnu/libcaca.so.0)
22:12:34 [27/68] START 1. Эфир TR 2015 (Июнь).MP3 (9.3 min)
22:12:34 [27/68] START 1. Эфир TR 2015 (Июнь).MP3 (9.3 min)
22:13:53 [27/68] DONE 1. Эфир TR 2015 (Июнь).MP3 chars=6483 wall=1.3m out=1_Эфир_TR_2015_Июнь.md
22:13:53 [27/68] DONE 1. Эфир TR 2015 (Июнь).MP3 chars=6483 wall=1.3m out=1_Эфир_TR_2015_Июнь.md
ffprobe: /exec-daemon/tmux-root/lib/libncursesw.so.6: no version information available (required by /lib/x86_64-linux-gnu/libcaca.so.0)
ffprobe: /exec-daemon/tmux-root/lib/libncursesw.so.6: no version information available (required by /lib/x86_64-linux-gnu/libcaca.so.0)
22:13:53 [28/68] START 12_Половое_воздержание_TR_2015_Сентябрь.MP3 (9.5 min)
22:13:53 [28/68] START 12_Половое_воздержание_TR_2015_Сентябрь.MP3 (9.5 min)
22:14:56 [28/68] DONE 12_Половое_воздержание_TR_2015_Сентябрь.MP3 chars=5939 wall=1.1m out=12_Половое_воздержание_TR_2015_Сентябрь.md
22:14:56 [28/68] DONE 12_Половое_воздержание_TR_2015_Сентябрь.MP3 chars=5939 wall=1.1m out=12_Половое_воздержание_TR_2015_Сентябрь.md
ffprobe: /exec-daemon/tmux-root/lib/libncursesw.so.6: no version information available (required by /lib/x86_64-linux-gnu/libcaca.so.0)
ffprobe: /exec-daemon/tmux-root/lib/libncursesw.so.6: no version information available (required by /lib/x86_64-linux-gnu/libcaca.so.0)
22:14:56 [29/68] START 8_Урок_№3_Геометрия_тела_в_пространстве.MP3 (9.7 min)
22:14:56 [29/68] START 8_Урок_№3_Геометрия_тела_в_пространстве.MP3 (9.7 min)
22:15:51 [29/68] DONE 8_Урок_№3_Геометрия_тела_в_пространстве.MP3 chars=6107 wall=0.9m out=8_Урок_N3_Геометрия_тела_в_пространстве.md
22:15:51 [29/68] DONE 8_Урок_№3_Геометрия_тела_в_пространстве.MP3 chars=6107 wall=0.9m out=8_Урок_N3_Геометрия_тела_в_пространстве.md
ffprobe: /exec-daemon/tmux-root/lib/libncursesw.so.6: no version information available (required by /lib/x86_64-linux-gnu/libcaca.so.0)
ffprobe: /exec-daemon/tmux-root/lib/libncursesw.so.6: no version information available (required by /lib/x86_64-linux-gnu/libcaca.so.0)
22:15:51 [30/68] START 16. Урок №10. Принятие Отца.MP3 (9.7 min)
22:15:51 [30/68] START 16. Урок №10. Принятие Отца.MP3 (9.7 min)
22:16:55 [30/68] DONE 16. Урок №10. Принятие Отца.MP3 chars=7130 wall=1.1m out=16_Урок_N10_Принятие_Отца.md
22:16:55 [30/68] DONE 16. Урок №10. Принятие Отца.MP3 chars=7130 wall=1.1m out=16_Урок_N10_Принятие_Отца.md
ffprobe: /exec-daemon/tmux-root/lib/libncursesw.so.6: no version information available (required by /lib/x86_64-linux-gnu/libcaca.so.0)
ffprobe: /exec-daemon/tmux-root/lib/libncursesw.so.6: no version information available (required by /lib/x86_64-linux-gnu/libcaca.so.0)
22:16:55 [31/68] START 13. Принятие смерти (TR 2015 Сентябрь).MP3 (9.7 min)
22:16:55 [31/68] START 13. Принятие смерти (TR 2015 Сентябрь).MP3 (9.7 min)
22:18:02 [31/68] DONE 13. Принятие смерти (TR 2015 Сентябрь).MP3 chars=6669 wall=1.1m out=13_Принятие_смерти_TR_2015_Сентябрь.md
22:18:02 [31/68] DONE 13. Принятие смерти (TR 2015 Сентябрь).MP3 chars=6669 wall=1.1m out=13_Принятие_смерти_TR_2015_Сентябрь.md
ffprobe: /exec-daemon/tmux-root/lib/libncursesw.so.6: no version information available (required by /lib/x86_64-linux-gnu/libcaca.so.0)
ffprobe: /exec-daemon/tmux-root/lib/libncursesw.so.6: no version information available (required by /lib/x86_64-linux-gnu/libcaca.so.0)
22:18:02 [32/68] START 9_Урок_№4_Лекарство_от_беспомощности.MP3 (9.9 min)
22:18:02 [32/68] START 9_Урок_№4_Лекарство_от_беспомощности.MP3 (9.9 min)
22:19:23 [32/68] DONE 9_Урок_№4_Лекарство_от_беспомощности.MP3 chars=7512 wall=1.3m out=9_Урок_N4_Лекарство_от_беспомощности.md
22:19:23 [32/68] DONE 9_Урок_№4_Лекарство_от_беспомощности.MP3 chars=7512 wall=1.3m out=9_Урок_N4_Лекарство_от_беспомощности.md
ffprobe: /exec-daemon/tmux-root/lib/libncursesw.so.6: no version information available (required by /lib/x86_64-linux-gnu/libcaca.so.0)
ffprobe: /exec-daemon/tmux-root/lib/libncursesw.so.6: no version information available (required by /lib/x86_64-linux-gnu/libcaca.so.0)
22:19:23 [33/68] START 23. Урок №15. Язык Тела.MP3 (9.9 min)
22:19:23 [33/68] START 23. Урок №15. Язык Тела.MP3 (9.9 min)
22:20:14 [33/68] DONE 23. Урок №15. Язык Тела.MP3 chars=8081 wall=0.9m out=23_Урок_N15_Язык_Тела.md
22:20:14 [33/68] DONE 23. Урок №15. Язык Тела.MP3 chars=8081 wall=0.9m out=23_Урок_N15_Язык_Тела.md
ffprobe: /exec-daemon/tmux-root/lib/libncursesw.so.6: no version information available (required by /lib/x86_64-linux-gnu/libcaca.so.0)
ffprobe: /exec-daemon/tmux-root/lib/libncursesw.so.6: no version information available (required by /lib/x86_64-linux-gnu/libcaca.so.0)
22:20:14 [34/68] START 12. Урок №7. Дуга Институции.MP3 (11.3 min)
22:20:14 [34/68] START 12. Урок №7. Дуга Институции.MP3 (11.3 min)
22:21:25 [34/68] DONE 12. Урок №7. Дуга Институции.MP3 chars=8568 wall=1.2m out=12_Урок_N7_Дуга_Институции.md
22:21:25 [34/68] DONE 12. Урок №7. Дуга Институции.MP3 chars=8568 wall=1.2m out=12_Урок_N7_Дуга_Институции.md
ffprobe: /exec-daemon/tmux-root/lib/libncursesw.so.6: no version information available (required by /lib/x86_64-linux-gnu/libcaca.so.0)
ffprobe: /exec-daemon/tmux-root/lib/libncursesw.so.6: no version information available (required by /lib/x86_64-linux-gnu/libcaca.so.0)
22:21:25 [35/68] START 10. Урок №5. Базовый Дискомфорт.MP3 (11.3 min)
22:21:25 [35/68] START 10. Урок №5. Базовый Дискомфорт.MP3 (11.3 min)
22:22:47 [35/68] DONE 10. Урок №5. Базовый Дискомфорт.MP3 chars=7754 wall=1.4m out=10_Урок_N5_Базовыи_Дискомфорт.md
22:22:47 [35/68] DONE 10. Урок №5. Базовый Дискомфорт.MP3 chars=7754 wall=1.4m out=10_Урок_N5_Базовыи_Дискомфорт.md
ffprobe: /exec-daemon/tmux-root/lib/libncursesw.so.6: no version information available (required by /lib/x86_64-linux-gnu/libcaca.so.0)
ffprobe: /exec-daemon/tmux-root/lib/libncursesw.so.6: no version information available (required by /lib/x86_64-linux-gnu/libcaca.so.0)
22:22:47 [36/68] START 24_Урок_№16_У_Тебя_На_Счету_100_000_000_Долларов.MP3 (11.9 min)
22:22:47 [36/68] START 24_Урок_№16_У_Тебя_На_Счету_100_000_000_Долларов.MP3 (11.9 min)
22:24:24 [36/68] DONE 24_Урок_№16_У_Тебя_На_Счету_100_000_000_Долларов.MP3 chars=8915 wall=1.6m out=24_Урок_N16_У_Тебя_На_Счету_100_000_000_Долларов.md
22:24:24 [36/68] DONE 24_Урок_№16_У_Тебя_На_Счету_100_000_000_Долларов.MP3 chars=8915 wall=1.6m out=24_Урок_N16_У_Тебя_На_Счету_100_000_000_Долларов.md
ffprobe: /exec-daemon/tmux-root/lib/libncursesw.so.6: no version information available (required by /lib/x86_64-linux-gnu/libcaca.so.0)
ffprobe: /exec-daemon/tmux-root/lib/libncursesw.so.6: no version information available (required by /lib/x86_64-linux-gnu/libcaca.so.0)
22:24:24 [37/68] START 26. Урок № 18. Спешка.MP3 (12.4 min)
22:24:24 [37/68] START 26. Урок № 18. Спешка.MP3 (12.4 min)
22:25:49 [37/68] DONE 26. Урок № 18. Спешка.MP3 chars=8822 wall=1.4m out=26_Урок_N_18_Спешка.md
22:25:49 [37/68] DONE 26. Урок № 18. Спешка.MP3 chars=8822 wall=1.4m out=26_Урок_N_18_Спешка.md
ffprobe: /exec-daemon/tmux-root/lib/libncursesw.so.6: no version information available (required by /lib/x86_64-linux-gnu/libcaca.so.0)
ffprobe: /exec-daemon/tmux-root/lib/libncursesw.so.6: no version information available (required by /lib/x86_64-linux-gnu/libcaca.so.0)
22:25:49 [38/68] START 5. Эфир TR 2015 (Июнь).MP3 (12.7 min)
22:25:49 [38/68] START 5. Эфир TR 2015 (Июнь).MP3 (12.7 min)
22:27:30 [38/68] DONE 5. Эфир TR 2015 (Июнь).MP3 chars=8555 wall=1.7m out=5_Эфир_TR_2015_Июнь.md
22:27:30 [38/68] DONE 5. Эфир TR 2015 (Июнь).MP3 chars=8555 wall=1.7m out=5_Эфир_TR_2015_Июнь.md
ffprobe: /exec-daemon/tmux-root/lib/libncursesw.so.6: no version information available (required by /lib/x86_64-linux-gnu/libcaca.so.0)
ffprobe: /exec-daemon/tmux-root/lib/libncursesw.so.6: no version information available (required by /lib/x86_64-linux-gnu/libcaca.so.0)
22:27:30 [39/68] START 15. Урок №9. Женщины.MP3 (12.9 min)
22:27:30 [39/68] START 15. Урок №9. Женщины.MP3 (12.9 min)
22:28:53 [39/68] DONE 15. Урок №9. Женщины.MP3 chars=9202 wall=1.4m out=15_Урок_N9_Женщины.md
22:28:53 [39/68] DONE 15. Урок №9. Женщины.MP3 chars=9202 wall=1.4m out=15_Урок_N9_Женщины.md
ffprobe: /exec-daemon/tmux-root/lib/libncursesw.so.6: no version information available (required by /lib/x86_64-linux-gnu/libcaca.so.0)
ffprobe: /exec-daemon/tmux-root/lib/libncursesw.so.6: no version information available (required by /lib/x86_64-linux-gnu/libcaca.so.0)
22:28:53 [40/68] START 34. Эфир 11 (TR 2015 Сентябрь).MP3 (13.0 min)
22:28:53 [40/68] START 34. Эфир 11 (TR 2015 Сентябрь).MP3 (13.0 min)
22:30:16 [40/68] DONE 34. Эфир 11 (TR 2015 Сентябрь).MP3 chars=9518 wall=1.4m out=34_Эфир_11_TR_2015_Сентябрь.md
22:30:16 [40/68] DONE 34. Эфир 11 (TR 2015 Сентябрь).MP3 chars=9518 wall=1.4m out=34_Эфир_11_TR_2015_Сентябрь.md
ffprobe: /exec-daemon/tmux-root/lib/libncursesw.so.6: no version information available (required by /lib/x86_64-linux-gnu/libcaca.so.0)
ffprobe: /exec-daemon/tmux-root/lib/libncursesw.so.6: no version information available (required by /lib/x86_64-linux-gnu/libcaca.so.0)
22:30:16 [41/68] START 4. Дофамин.MP3 (13.2 min)
22:30:16 [41/68] START 4. Дофамин.MP3 (13.2 min)
22:31:42 [41/68] DONE 4. Дофамин.MP3 chars=9521 wall=1.4m out=4_Дофамин.md
22:31:42 [41/68] DONE 4. Дофамин.MP3 chars=9521 wall=1.4m out=4_Дофамин.md
ffprobe: /exec-daemon/tmux-root/lib/libncursesw.so.6: no version information available (required by /lib/x86_64-linux-gnu/libcaca.so.0)
ffprobe: /exec-daemon/tmux-root/lib/libncursesw.so.6: no version information available (required by /lib/x86_64-linux-gnu/libcaca.so.0)
22:31:42 [42/68] START 3. Озабоченность.MP3 (13.9 min)
22:31:42 [42/68] START 3. Озабоченность.MP3 (13.9 min)
22:33:09 [42/68] DONE 3. Озабоченность.MP3 chars=9724 wall=1.4m out=3_Озабоченность.md
22:33:09 [42/68] DONE 3. Озабоченность.MP3 chars=9724 wall=1.4m out=3_Озабоченность.md
ffprobe: /exec-daemon/tmux-root/lib/libncursesw.so.6: no version information available (required by /lib/x86_64-linux-gnu/libcaca.so.0)
ffprobe: /exec-daemon/tmux-root/lib/libncursesw.so.6: no version information available (required by /lib/x86_64-linux-gnu/libcaca.so.0)
22:33:09 [43/68] START 17. Урок №11. Беспощадность К Себе.MP3 (14.1 min)
22:33:09 [43/68] START 17. Урок №11. Беспощадность К Себе.MP3 (14.1 min)
22:34:37 [43/68] DONE 17. Урок №11. Беспощадность К Себе.MP3 chars=10245 wall=1.5m out=17_Урок_N11_Беспощадность_К_Себе.md
22:34:37 [43/68] DONE 17. Урок №11. Беспощадность К Себе.MP3 chars=10245 wall=1.5m out=17_Урок_N11_Беспощадность_К_Себе.md
ffprobe: /exec-daemon/tmux-root/lib/libncursesw.so.6: no version information available (required by /lib/x86_64-linux-gnu/libcaca.so.0)
ffprobe: /exec-daemon/tmux-root/lib/libncursesw.so.6: no version information available (required by /lib/x86_64-linux-gnu/libcaca.so.0)
22:34:37 [44/68] START 3. Эфир TR 2015 (Июнь).MP3 (14.2 min)
22:34:37 [44/68] START 3. Эфир TR 2015 (Июнь).MP3 (14.2 min)
22:36:42 [44/68] DONE 3. Эфир TR 2015 (Июнь).MP3 chars=10209 wall=2.1m out=3_Эфир_TR_2015_Июнь.md
22:36:42 [44/68] DONE 3. Эфир TR 2015 (Июнь).MP3 chars=10209 wall=2.1m out=3_Эфир_TR_2015_Июнь.md
ffprobe: /exec-daemon/tmux-root/lib/libncursesw.so.6: no version information available (required by /lib/x86_64-linux-gnu/libcaca.so.0)
ffprobe: /exec-daemon/tmux-root/lib/libncursesw.so.6: no version information available (required by /lib/x86_64-linux-gnu/libcaca.so.0)
22:36:42 [45/68] START 10. О главном (TR 2015 Сентябрь)ф.MP3 (14.8 min)
22:36:42 [45/68] START 10. О главном (TR 2015 Сентябрь)ф.MP3 (14.8 min)
22:38:02 [45/68] DONE 10. О главном (TR 2015 Сентябрь)ф.MP3 chars=7679 wall=1.3m out=10_О_главном_TR_2015_Сентябрь_ф.md
22:38:02 [45/68] DONE 10. О главном (TR 2015 Сентябрь)ф.MP3 chars=7679 wall=1.3m out=10_О_главном_TR_2015_Сентябрь_ф.md
ffprobe: /exec-daemon/tmux-root/lib/libncursesw.so.6: no version information available (required by /lib/x86_64-linux-gnu/libcaca.so.0)
ffprobe: /exec-daemon/tmux-root/lib/libncursesw.so.6: no version information available (required by /lib/x86_64-linux-gnu/libcaca.so.0)
22:38:02 [46/68] START 6. Женский F.A.Q. (TR 2015 Сентябрь).MP3 (16.3 min)
22:38:02 [46/68] START 6. Женский F.A.Q. (TR 2015 Сентябрь).MP3 (16.3 min)
22:39:24 [46/68] DONE 6. Женский F.A.Q. (TR 2015 Сентябрь).MP3 chars=9800 wall=1.4m out=6_Женскии_F_A_Q_TR_2015_Сентябрь.md
22:39:24 [46/68] DONE 6. Женский F.A.Q. (TR 2015 Сентябрь).MP3 chars=9800 wall=1.4m out=6_Женскии_F_A_Q_TR_2015_Сентябрь.md
ffprobe: /exec-daemon/tmux-root/lib/libncursesw.so.6: no version information available (required by /lib/x86_64-linux-gnu/libcaca.so.0)
ffprobe: /exec-daemon/tmux-root/lib/libncursesw.so.6: no version information available (required by /lib/x86_64-linux-gnu/libcaca.so.0)
22:39:24 [47/68] START 4. Эфир TR 2015 (Июнь).MP3 (20.5 min)
22:39:24 [47/68] START 4. Эфир TR 2015 (Июнь).MP3 (20.5 min)
22:42:01 [47/68] DONE 4. Эфир TR 2015 (Июнь).MP3 chars=15147 wall=2.6m out=4_Эфир_TR_2015_Июнь.md
22:42:01 [47/68] DONE 4. Эфир TR 2015 (Июнь).MP3 chars=15147 wall=2.6m out=4_Эфир_TR_2015_Июнь.md
ffprobe: /exec-daemon/tmux-root/lib/libncursesw.so.6: no version information available (required by /lib/x86_64-linux-gnu/libcaca.so.0)
ffprobe: /exec-daemon/tmux-root/lib/libncursesw.so.6: no version information available (required by /lib/x86_64-linux-gnu/libcaca.so.0)
22:42:01 [48/68] START 4_Урок_№1_Технология_создания_пространства.MP3 (21.0 min)
22:42:01 [48/68] START 4_Урок_№1_Технология_создания_пространства.MP3 (21.0 min)
22:44:08 [48/68] DONE 4_Урок_№1_Технология_создания_пространства.MP3 chars=15348 wall=2.1m out=4_Урок_N1_Технология_создания_пространства.md
22:44:08 [48/68] DONE 4_Урок_№1_Технология_создания_пространства.MP3 chars=15348 wall=2.1m out=4_Урок_N1_Технология_создания_пространства.md
ffprobe: /exec-daemon/tmux-root/lib/libncursesw.so.6: no version information available (required by /lib/x86_64-linux-gnu/libcaca.so.0)
ffprobe: /exec-daemon/tmux-root/lib/libncursesw.so.6: no version information available (required by /lib/x86_64-linux-gnu/libcaca.so.0)
22:44:08 [49/68] START 8. Эфир TR 2015 (Июнь).MP3 (23.3 min)
22:44:08 [49/68] START 8. Эфир TR 2015 (Июнь).MP3 (23.3 min)
22:47:10 [49/68] DONE 8. Эфир TR 2015 (Июнь).MP3 chars=15677 wall=3.0m out=8_Эфир_TR_2015_Июнь.md
22:47:10 [49/68] DONE 8. Эфир TR 2015 (Июнь).MP3 chars=15677 wall=3.0m out=8_Эфир_TR_2015_Июнь.md
ffprobe: /exec-daemon/tmux-root/lib/libncursesw.so.6: no version information available (required by /lib/x86_64-linux-gnu/libcaca.so.0)
ffprobe: /exec-daemon/tmux-root/lib/libncursesw.so.6: no version information available (required by /lib/x86_64-linux-gnu/libcaca.so.0)
22:47:10 [50/68] START 9. Эфир TR 2015 (Июнь).MP3 (25.2 min)
22:47:10 [50/68] START 9. Эфир TR 2015 (Июнь).MP3 (25.2 min)
22:50:15 [50/68] DONE 9. Эфир TR 2015 (Июнь).MP3 chars=16391 wall=3.1m out=9_Эфир_TR_2015_Июнь.md
22:50:15 [50/68] DONE 9. Эфир TR 2015 (Июнь).MP3 chars=16391 wall=3.1m out=9_Эфир_TR_2015_Июнь.md
ffprobe: /exec-daemon/tmux-root/lib/libncursesw.so.6: no version information available (required by /lib/x86_64-linux-gnu/libcaca.so.0)
ffprobe: /exec-daemon/tmux-root/lib/libncursesw.so.6: no version information available (required by /lib/x86_64-linux-gnu/libcaca.so.0)
22:50:15 [51/68] START 28. Эфир 5 (TR 2015 Сентябрь).MP3 (26.4 min)
22:50:15 [51/68] START 28. Эфир 5 (TR 2015 Сентябрь).MP3 (26.4 min)
22:53:48 [51/68] DONE 28. Эфир 5 (TR 2015 Сентябрь).MP3 chars=17747 wall=3.6m out=28_Эфир_5_TR_2015_Сентябрь.md
22:53:48 [51/68] DONE 28. Эфир 5 (TR 2015 Сентябрь).MP3 chars=17747 wall=3.6m out=28_Эфир_5_TR_2015_Сентябрь.md
ffprobe: /exec-daemon/tmux-root/lib/libncursesw.so.6: no version information available (required by /lib/x86_64-linux-gnu/libcaca.so.0)
ffprobe: /exec-daemon/tmux-root/lib/libncursesw.so.6: no version information available (required by /lib/x86_64-linux-gnu/libcaca.so.0)
22:53:48 [52/68] START 17_Психические_триггеры_TR_2015_Сентябрь.MP3 (27.3 min)
22:53:48 [52/68] START 17_Психические_триггеры_TR_2015_Сентябрь.MP3 (27.3 min)
22:56:26 [52/68] DONE 17_Психические_триггеры_TR_2015_Сентябрь.MP3 chars=18927 wall=2.6m out=17_Психические_триггеры_TR_2015_Сентябрь.md
22:56:26 [52/68] DONE 17_Психические_триггеры_TR_2015_Сентябрь.MP3 chars=18927 wall=2.6m out=17_Психические_триггеры_TR_2015_Сентябрь.md
ffprobe: /exec-daemon/tmux-root/lib/libncursesw.so.6: no version information available (required by /lib/x86_64-linux-gnu/libcaca.so.0)
ffprobe: /exec-daemon/tmux-root/lib/libncursesw.so.6: no version information available (required by /lib/x86_64-linux-gnu/libcaca.so.0)
22:56:26 [53/68] START 30. Эфир 7 (TR 2015 Сентябрь).MP3 (28.0 min)
22:56:26 [53/68] START 30. Эфир 7 (TR 2015 Сентябрь).MP3 (28.0 min)
22:59:38 [53/68] DONE 30. Эфир 7 (TR 2015 Сентябрь).MP3 chars=20387 wall=3.2m out=30_Эфир_7_TR_2015_Сентябрь.md
22:59:38 [53/68] DONE 30. Эфир 7 (TR 2015 Сентябрь).MP3 chars=20387 wall=3.2m out=30_Эфир_7_TR_2015_Сентябрь.md
ffprobe: /exec-daemon/tmux-root/lib/libncursesw.so.6: no version information available (required by /lib/x86_64-linux-gnu/libcaca.so.0)
ffprobe: /exec-daemon/tmux-root/lib/libncursesw.so.6: no version information available (required by /lib/x86_64-linux-gnu/libcaca.so.0)
22:59:38 [54/68] START 24. Эфир 1 (TR 2015 Сентябрь).MP3 (28.8 min)
22:59:38 [54/68] START 24. Эфир 1 (TR 2015 Сентябрь).MP3 (28.8 min)
23:02:14 [54/68] DONE 24. Эфир 1 (TR 2015 Сентябрь).MP3 chars=20313 wall=2.6m out=24_Эфир_1_TR_2015_Сентябрь.md
23:02:14 [54/68] DONE 24. Эфир 1 (TR 2015 Сентябрь).MP3 chars=20313 wall=2.6m out=24_Эфир_1_TR_2015_Сентябрь.md
ffprobe: /exec-daemon/tmux-root/lib/libncursesw.so.6: no version information available (required by /lib/x86_64-linux-gnu/libcaca.so.0)
ffprobe: /exec-daemon/tmux-root/lib/libncursesw.so.6: no version information available (required by /lib/x86_64-linux-gnu/libcaca.so.0)
23:02:14 [55/68] START 10. Эфир TR 2015 (Июнь).MP3 (31.0 min)
23:02:14 [55/68] START 10. Эфир TR 2015 (Июнь).MP3 (31.0 min)
23:05:53 [55/68] DONE 10. Эфир TR 2015 (Июнь).MP3 chars=23938 wall=3.7m out=10_Эфир_TR_2015_Июнь.md
23:05:53 [55/68] DONE 10. Эфир TR 2015 (Июнь).MP3 chars=23938 wall=3.7m out=10_Эфир_TR_2015_Июнь.md
ffprobe: /exec-daemon/tmux-root/lib/libncursesw.so.6: no version information available (required by /lib/x86_64-linux-gnu/libcaca.so.0)
ffprobe: /exec-daemon/tmux-root/lib/libncursesw.so.6: no version information available (required by /lib/x86_64-linux-gnu/libcaca.so.0)
23:05:53 [56/68] START 2. Эфир TR 2015 (Июнь).MP3 (32.3 min)
23:05:53 [56/68] START 2. Эфир TR 2015 (Июнь).MP3 (32.3 min)
23:09:27 [56/68] DONE 2. Эфир TR 2015 (Июнь).MP3 chars=26214 wall=3.6m out=2_Эфир_TR_2015_Июнь.md
23:09:27 [56/68] DONE 2. Эфир TR 2015 (Июнь).MP3 chars=26214 wall=3.6m out=2_Эфир_TR_2015_Июнь.md
ffprobe: /exec-daemon/tmux-root/lib/libncursesw.so.6: no version information available (required by /lib/x86_64-linux-gnu/libcaca.so.0)
ffprobe: /exec-daemon/tmux-root/lib/libncursesw.so.6: no version information available (required by /lib/x86_64-linux-gnu/libcaca.so.0)
23:09:27 [57/68] START 35. Эфир 12 (TR 2015 Сентябрь).MP3 (35.3 min)
23:09:27 [57/68] START 35. Эфир 12 (TR 2015 Сентябрь).MP3 (35.3 min)
23:13:39 [57/68] DONE 35. Эфир 12 (TR 2015 Сентябрь).MP3 chars=25962 wall=4.2m out=35_Эфир_12_TR_2015_Сентябрь.md
23:13:39 [57/68] DONE 35. Эфир 12 (TR 2015 Сентябрь).MP3 chars=25962 wall=4.2m out=35_Эфир_12_TR_2015_Сентябрь.md
ffprobe: /exec-daemon/tmux-root/lib/libncursesw.so.6: no version information available (required by /lib/x86_64-linux-gnu/libcaca.so.0)
ffprobe: /exec-daemon/tmux-root/lib/libncursesw.so.6: no version information available (required by /lib/x86_64-linux-gnu/libcaca.so.0)
23:13:39 [58/68] START 7. Эфир TR 2015 (Июнь).MP3 (36.8 min)
23:13:39 [58/68] START 7. Эфир TR 2015 (Июнь).MP3 (36.8 min)
23:17:28 [58/68] DONE 7. Эфир TR 2015 (Июнь).MP3 chars=24719 wall=3.8m out=7_Эфир_TR_2015_Июнь.md
23:17:28 [58/68] DONE 7. Эфир TR 2015 (Июнь).MP3 chars=24719 wall=3.8m out=7_Эфир_TR_2015_Июнь.md
ffprobe: /exec-daemon/tmux-root/lib/libncursesw.so.6: no version information available (required by /lib/x86_64-linux-gnu/libcaca.so.0)
ffprobe: /exec-daemon/tmux-root/lib/libncursesw.so.6: no version information available (required by /lib/x86_64-linux-gnu/libcaca.so.0)
23:17:28 [59/68] START 32. Эфир 9 (TR 2015 Сентябрь).MP3 (38.2 min)
23:17:28 [59/68] START 32. Эфир 9 (TR 2015 Сентябрь).MP3 (38.2 min)
23:22:01 [59/68] DONE 32. Эфир 9 (TR 2015 Сентябрь).MP3 chars=28192 wall=4.6m out=32_Эфир_9_TR_2015_Сентябрь.md
23:22:01 [59/68] DONE 32. Эфир 9 (TR 2015 Сентябрь).MP3 chars=28192 wall=4.6m out=32_Эфир_9_TR_2015_Сентябрь.md
ffprobe: /exec-daemon/tmux-root/lib/libncursesw.so.6: no version information available (required by /lib/x86_64-linux-gnu/libcaca.so.0)
ffprobe: /exec-daemon/tmux-root/lib/libncursesw.so.6: no version information available (required by /lib/x86_64-linux-gnu/libcaca.so.0)
23:22:01 [60/68] START 25. Эфир 2 (TR 2015 Сентябрь).MP3 (38.9 min)
23:22:01 [60/68] START 25. Эфир 2 (TR 2015 Сентябрь).MP3 (38.9 min)
23:26:33 [60/68] DONE 25. Эфир 2 (TR 2015 Сентябрь).MP3 chars=25803 wall=4.5m out=25_Эфир_2_TR_2015_Сентябрь.md
23:26:33 [60/68] DONE 25. Эфир 2 (TR 2015 Сентябрь).MP3 chars=25803 wall=4.5m out=25_Эфир_2_TR_2015_Сентябрь.md
ffprobe: /exec-daemon/tmux-root/lib/libncursesw.so.6: no version information available (required by /lib/x86_64-linux-gnu/libcaca.so.0)
ffprobe: /exec-daemon/tmux-root/lib/libncursesw.so.6: no version information available (required by /lib/x86_64-linux-gnu/libcaca.so.0)
23:26:33 [61/68] START 26. Эфир 3 (TR 2015 Сентябрь).MP3 (39.5 min)
23:26:33 [61/68] START 26. Эфир 3 (TR 2015 Сентябрь).MP3 (39.5 min)
23:30:58 [61/68] DONE 26. Эфир 3 (TR 2015 Сентябрь).MP3 chars=25008 wall=4.4m out=26_Эфир_3_TR_2015_Сентябрь.md
23:30:58 [61/68] DONE 26. Эфир 3 (TR 2015 Сентябрь).MP3 chars=25008 wall=4.4m out=26_Эфир_3_TR_2015_Сентябрь.md
ffprobe: /exec-daemon/tmux-root/lib/libncursesw.so.6: no version information available (required by /lib/x86_64-linux-gnu/libcaca.so.0)
ffprobe: /exec-daemon/tmux-root/lib/libncursesw.so.6: no version information available (required by /lib/x86_64-linux-gnu/libcaca.so.0)
23:30:58 [62/68] START 27. Эфир 4 (TR 2015 Сентябрь).MP3 (40.4 min)
23:30:58 [62/68] START 27. Эфир 4 (TR 2015 Сентябрь).MP3 (40.4 min)
23:35:32 [62/68] DONE 27. Эфир 4 (TR 2015 Сентябрь).MP3 chars=28635 wall=4.6m out=27_Эфир_4_TR_2015_Сентябрь.md
23:35:32 [62/68] DONE 27. Эфир 4 (TR 2015 Сентябрь).MP3 chars=28635 wall=4.6m out=27_Эфир_4_TR_2015_Сентябрь.md
ffprobe: /exec-daemon/tmux-root/lib/libncursesw.so.6: no version information available (required by /lib/x86_64-linux-gnu/libcaca.so.0)
ffprobe: /exec-daemon/tmux-root/lib/libncursesw.so.6: no version information available (required by /lib/x86_64-linux-gnu/libcaca.so.0)
23:35:32 [63/68] START 1_Вводная_лекция_по_гормонам_TR_2015_Сентябрь.MP3 (41.1 min)
23:35:32 [63/68] START 1_Вводная_лекция_по_гормонам_TR_2015_Сентябрь.MP3 (41.1 min)
23:39:49 [63/68] DONE 1_Вводная_лекция_по_гормонам_TR_2015_Сентябрь.MP3 chars=28360 wall=4.3m out=1_Вводная_лекция_по_гормонам_TR_2015_Сентябрь.md
23:39:49 [63/68] DONE 1_Вводная_лекция_по_гормонам_TR_2015_Сентябрь.MP3 chars=28360 wall=4.3m out=1_Вводная_лекция_по_гормонам_TR_2015_Сентябрь.md
ffprobe: /exec-daemon/tmux-root/lib/libncursesw.so.6: no version information available (required by /lib/x86_64-linux-gnu/libcaca.so.0)
ffprobe: /exec-daemon/tmux-root/lib/libncursesw.so.6: no version information available (required by /lib/x86_64-linux-gnu/libcaca.so.0)
23:39:49 [64/68] START 36. Эфир 13 (TR 2015 Сентябрь).MP3 (44.0 min)
23:39:49 [64/68] START 36. Эфир 13 (TR 2015 Сентябрь).MP3 (44.0 min)
23:44:32 [64/68] DONE 36. Эфир 13 (TR 2015 Сентябрь).MP3 chars=24917 wall=4.7m out=36_Эфир_13_TR_2015_Сентябрь.md
23:44:32 [64/68] DONE 36. Эфир 13 (TR 2015 Сентябрь).MP3 chars=24917 wall=4.7m out=36_Эфир_13_TR_2015_Сентябрь.md
ffprobe: /exec-daemon/tmux-root/lib/libncursesw.so.6: no version information available (required by /lib/x86_64-linux-gnu/libcaca.so.0)
ffprobe: /exec-daemon/tmux-root/lib/libncursesw.so.6: no version information available (required by /lib/x86_64-linux-gnu/libcaca.so.0)
23:44:32 [65/68] START 33. Эфир 10 (TR 2015 Сентябрь).MP3 (45.3 min)
23:44:32 [65/68] START 33. Эфир 10 (TR 2015 Сентябрь).MP3 (45.3 min)
23:50:36 [65/68] DONE 33. Эфир 10 (TR 2015 Сентябрь).MP3 chars=28164 wall=6.1m out=33_Эфир_10_TR_2015_Сентябрь.md
23:50:36 [65/68] DONE 33. Эфир 10 (TR 2015 Сентябрь).MP3 chars=28164 wall=6.1m out=33_Эфир_10_TR_2015_Сентябрь.md
ffprobe: /exec-daemon/tmux-root/lib/libncursesw.so.6: no version information available (required by /lib/x86_64-linux-gnu/libcaca.so.0)
ffprobe: /exec-daemon/tmux-root/lib/libncursesw.so.6: no version information available (required by /lib/x86_64-linux-gnu/libcaca.so.0)
23:50:36 [66/68] START 29. Эфир 6 (TR 2015 Сентябрь).MP3 (46.0 min)
23:50:36 [66/68] START 29. Эфир 6 (TR 2015 Сентябрь).MP3 (46.0 min)
23:54:48 [66/68] DONE 29. Эфир 6 (TR 2015 Сентябрь).MP3 chars=31275 wall=4.2m out=29_Эфир_6_TR_2015_Сентябрь.md
23:54:48 [66/68] DONE 29. Эфир 6 (TR 2015 Сентябрь).MP3 chars=31275 wall=4.2m out=29_Эфир_6_TR_2015_Сентябрь.md
ffprobe: /exec-daemon/tmux-root/lib/libncursesw.so.6: no version information available (required by /lib/x86_64-linux-gnu/libcaca.so.0)
ffprobe: /exec-daemon/tmux-root/lib/libncursesw.so.6: no version information available (required by /lib/x86_64-linux-gnu/libcaca.so.0)
23:54:48 [67/68] START 1. Эфир 1_1.MP3 (115.3 min)
23:54:48 [67/68] START 1. Эфир 1_1.MP3 (115.3 min)
00:06:53 [67/68] DONE 1. Эфир 1_1.MP3 chars=75531 wall=12.1m out=1_Эфир_1_1.md
00:06:53 [67/68] DONE 1. Эфир 1_1.MP3 chars=75531 wall=12.1m out=1_Эфир_1_1.md
ffprobe: /exec-daemon/tmux-root/lib/libncursesw.so.6: no version information available (required by /lib/x86_64-linux-gnu/libcaca.so.0)
ffprobe: /exec-daemon/tmux-root/lib/libncursesw.so.6: no version information available (required by /lib/x86_64-linux-gnu/libcaca.so.0)
00:06:53 [68/68] START 1. Эфир 1.MP3 (135.4 min)
00:06:53 [68/68] START 1. Эфир 1.MP3 (135.4 min)
00:21:20 [68/68] DONE 1. Эфир 1.MP3 chars=89268 wall=14.5m out=1_Эфир_1.md
00:21:20 COMPLETE done=68 failed=0
00:21:20 [68/68] DONE 1. Эфир 1.MP3 chars=89268 wall=14.5m out=1_Эфир_1.md
00:21:20 COMPLETE done=68 failed=0
